###############################################################################
#
# IAR ELF Linker V9.10.2.313/W64 for ARM                  09/Jan/2022  01:59:15
# Copyright 2007-2021 IAR Systems AB.
#
#    Output file  =  E:\Embedded - 211\Project\Embd-project\Debug\Exe\main.out
#    Map file     =  E:\Embedded - 211\Project\Embd-project\Debug\List\main.map
#    Command line =
#        -f "E:\Embedded - 211\Project\Embd-project\Debug\Exe\main.out.rsp"
#        ("E:\Embedded - 211\Project\Embd-project\Debug\Obj\Buttons.o"
#        "E:\Embedded - 211\Project\Embd-project\Debug\Obj\CarTraffic.o"
#        "E:\Embedded - 211\Project\Embd-project\Debug\Obj\main.o" "E:\Embedded
#        - 211\Project\Embd-project\Debug\Obj\PedTraffic.o" "E:\Embedded -
#        211\Project\Embd-project\Debug\Obj\startup_ewarm.o" "E:\Embedded -
#        211\Project\Embd-project\Debug\Obj\Timers.o" --no_out_extension -o
#        "E:\Embedded - 211\Project\Embd-project\Debug\Exe\main.out" --redirect
#        _Printf=_PrintfFullNoMb --redirect _Scanf=_ScanfFullNoMb --map
#        "E:\Embedded - 211\Project\Embd-project\Debug\List\main.map" --config
#        D:\IAR\arm\config\linker\TexasInstruments\TM4C123GH6.icf --semihosting
#        D:\TivaWare\driverlib\ewarm\Exe\driverlib.a --entry
#        __iar_program_start --vfe --text_out locale)
#
###############################################################################

*******************************************************************************
*** MESSAGES
***

Warning[Lt009]: Inconsistent wchar_t size
            gpio.o(driverlib.a) and 4 other objects in driverlib.a have wchar_t
                      size 16 bits
            Buttons.o and 18 other objects, some of them in dl7M_tln.a and 11
                      other libraries have wchar_t size 32 bits


*******************************************************************************
*** RUNTIME MODEL ATTRIBUTES
***

CppFlavor       = *
__SystemLibrary = DLib
__dlib_version  = 6


*******************************************************************************
*** HEAP SELECTION
***

The basic heap was selected because some modules are built with
size limitations (and not runtime checking), and --advanced_heap
was not specified.


*******************************************************************************
*** PLACEMENT SUMMARY
***

"A0":  place at address 0x0 { ro section .intvec };
"P1":  place in [from 0x0 to 0x3'ffff] { ro };
define block CSTACK with size = 4K, alignment = 8 { };
define block HEAP with size = 8K, alignment = 8 { };
"P2":  place in [from 0x2000'0000 to 0x2000'7fff] {
          rw, block CSTACK, block HEAP };
do not initialize { rw section .noinit };

  Section          Kind         Address   Size  Object
  -------          ----         -------   ----  ------
"A0":                                    0x26c
  .intvec          const            0x0  0x26c  startup_ewarm.o [1]
                                - 0x26c  0x26c

"P1":                                    0xbe0
  .text            ro code        0x26c  0x408  gpio.o [3]
  .text            ro code        0x674  0x160  interrupt.o [3]
  .text            ro code        0x7d4  0x1c0  Timers.o [1]
  .text            ro code        0x994   0x50  sysctl.o [3]
  .text            ro code        0x9e4   0xa2  timer.o [3]
  .text            ro code        0xa88    0x4  cpu.o [3]
  .text            ro code        0xa8c  0x1b4  Buttons.o [1]
  .text            ro code        0xc40   0x68  CarTraffic.o [1]
  .text            ro code        0xca8   0x38  zero_init3.o [5]
  .text            ro code        0xce0   0x28  data_init.o [5]
  .text            ro code        0xd08   0x26  main.o [1]
  .text            ro code        0xd30   0x20  PedTraffic.o [1]
  .rodata          const          0xd50   0x24  CarTraffic.o [1]
  .text            ro code        0xd74   0x22  fpinit_M.o [4]
  .iar.init_table  const          0xd98   0x10  - Linker created -
  .rodata          const          0xda8   0x20  PedTraffic.o [1]
  .text            ro code        0xdc8   0x1e  startup_ewarm.o [1]
  .text            ro code        0xde8   0x1c  cstartup_M.o [5]
  .text            ro code        0xe04   0x1e  cmain.o [5]
  .text            ro code        0xe22    0x4  low_level_init.o [2]
  .text            ro code        0xe26    0x4  exit.o [2]
  .text            ro code        0xe2c    0xa  cexit.o [5]
  .text            ro code        0xe38   0x14  exit.o [6]
  .rodata          const          0xe4c    0x0  zero_init3.o [5]
                                - 0xe4c  0xbe0

"P2", part 1 of 2:                       0x270
  VTABLE           zero     0x2000'0000  0x26c  interrupt.o [3]
  .bss             zero     0x2000'026c    0x1  Buttons.o [1]
  .bss             zero     0x2000'026d    0x1  CarTraffic.o [1]
                          - 0x2000'026e  0x26e

"P2", part 2 of 2:                       0x200
  .noinit          uninit   0x2000'0270  0x200  startup_ewarm.o [1]
                          - 0x2000'0470  0x200

Unused ranges:

         From           To      Size
         ----           --      ----
        0xe4c     0x3'ffff  0x3'f1b4
  0x2000'0470  0x2000'7fff    0x7b90


*******************************************************************************
*** INIT TABLE
***

          Address      Size
          -------      ----
Zero (__iar_zero_init3)
    1 destination range, total size 0x26e:
          0x2000'0000  0x26e



*******************************************************************************
*** MODULE SUMMARY
***

    Module            ro code  ro data  rw data
    ------            -------  -------  -------
command line/config:
    -------------------------------------------
    Total:

E:\Embedded - 211\Project\Embd-project\Debug\Obj: [1]
    Buttons.o             436                 1
    CarTraffic.o          104       36        1
    PedTraffic.o           32       32
    Timers.o              448
    main.o                 38
    startup_ewarm.o        30      620      512
    -------------------------------------------
    Total:              1'088      688      514

dl7M_tln.a: [2]
    exit.o                  4
    low_level_init.o        4
    -------------------------------------------
    Total:                  8

driverlib.a: [3]
    cpu.o                   4
    gpio.o              1'032
    interrupt.o           352               620
    sysctl.o               80
    timer.o               162
    -------------------------------------------
    Total:              1'630               620

m7M_tls.a: [4]
    fpinit_M.o             34
    -------------------------------------------
    Total:                 34

rt7M_tl.a: [5]
    cexit.o                10
    cmain.o                30
    cstartup_M.o           28
    data_init.o            40
    zero_init3.o           56
    -------------------------------------------
    Total:                164

shb_l.a: [6]
    exit.o                 20
    -------------------------------------------
    Total:                 20

    Gaps                   10        2
    Linker created                  16
-----------------------------------------------
    Grand Total:        2'954      706    1'134


*******************************************************************************
*** ENTRY LIST
***

Entry                       Address   Size  Type      Object
-----                       -------   ----  ----      ------
.iar.init_table$$Base         0xd98          --   Gb  - Linker created -
.iar.init_table$$Limit        0xda8          --   Gb  - Linker created -
?main                         0xe05         Code  Gb  cmain.o [5]
CPUwfi                        0xa89    0x4  Code  Gb  cpu.o [3]
CarTimer_TIMEOUT              0x87d   0x68  Code  Gb  Timers.o [1]
CarTraffic_Delay              0x851   0x16  Code  Gb  Timers.o [1]
FSM_CarTL                     0xd50   0x24  Data  Gb  CarTraffic.o [1]
FSM_Car_State           0x2000'026d    0x1  Data  Gb  CarTraffic.o [1]
FSM_PedTL                     0xda8   0x20  Data  Gb  PedTraffic.o [1]
FSM_Ped_State           0x2000'026c    0x1  Data  Gb  Buttons.o [1]
FaultISR                      0xde3    0x2  Code  Lc  startup_ewarm.o [1]
GPIODirModeSet                0x2ad   0x28  Code  Gb  gpio.o [3]
GPIOIntClear                  0x44f    0x6  Code  Gb  gpio.o [3]
GPIOIntEnable                 0x449    0x6  Code  Gb  gpio.o [3]
GPIOIntRegister               0x455   0x14  Code  Gb  gpio.o [3]
GPIOPadConfigSet              0x2d5  0x174  Code  Gb  gpio.o [3]
GPIOPinTypeGPIOInput          0x47b   0x14  Code  Gb  gpio.o [3]
GPIOPinTypeGPIOOutput         0x48f    0xa  Code  Gb  gpio.o [3]
GPIOPinWrite                  0x471    0x6  Code  Gb  gpio.o [3]
GPIOUnlockPin                 0x4bb    0xe  Code  Gb  gpio.o [3]
IntDefaultHandler             0xde5    0x2  Code  Lc  startup_ewarm.o [1]
IntEnable                     0x6bf   0x56  Code  Gb  interrupt.o [3]
IntPrioritySet                0x69b   0x24  Code  Gb  interrupt.o [3]
IntRegister                   0x675   0x26  Code  Gb  interrupt.o [3]
NmiSR                         0xde1    0x2  Code  Lc  startup_ewarm.o [1]
PedButtonINT                  0xaf5  0x126  Code  Gb  Buttons.o [1]
PedTimer_Delay                0x867   0x16  Code  Gb  Timers.o [1]
PedTimer_TIMEOUT              0x8e5   0x8c  Code  Gb  Timers.o [1]
Region$$Table$$Base           0xd98          --   Gb  - Linker created -
Region$$Table$$Limit          0xda8          --   Gb  - Linker created -
ResetISR                      0xdc9   0x14  Code  Gb  startup_ewarm.o [1]
SysCtlDelay                   0x9d5    0x8  Code  Gb  sysctl.o [3]
SysCtlPeripheralEnable        0x9b5    0x8  Code  Gb  sysctl.o [3]
SysCtlPeripheralReady         0x995    0x8  Code  Gb  sysctl.o [3]
SysCtlSleep                   0x9d1    0x4  Code  Gb  sysctl.o [3]
TimerConfigure                0x9fd   0x52  Code  Gb  timer.o [3]
TimerDisable                  0x9f1    0xc  Code  Gb  timer.o [3]
TimerEnable                   0x9e5    0xc  Code  Gb  timer.o [3]
TimerIntClear                 0xa83    0x4  Code  Gb  timer.o [3]
TimerIntEnable                0xa71    0x4  Code  Gb  timer.o [3]
TimerLoadSet                  0xa61   0x10  Code  Gb  timer.o [3]
_GPIOIntNumberGet             0x26d   0x40  Code  Lc  gpio.o [3]
__cmain                       0xe05         Code  Gb  cmain.o [5]
__exit                        0xe39   0x14  Code  Gb  exit.o [6]
__iar_data_init3              0xce1   0x28  Code  Gb  data_init.o [5]
__iar_init_vfp                0xd75         Code  Gb  fpinit_M.o [4]
__iar_program_start           0xde9         Code  Gb  cstartup_M.o [5]
__iar_zero_init3              0xca9   0x38  Code  Gb  zero_init3.o [5]
__low_level_init              0xe23    0x4  Code  Gb  low_level_init.o [2]
__vector_table                  0x0  0x26c  Data  Gb  startup_ewarm.o [1]
_call_main                    0xe11         Code  Gb  cmain.o [5]
_exit                         0xe2d         Code  Gb  cexit.o [5]
exit                          0xe27    0x4  Code  Gb  exit.o [2]
g_pfnRAMVectors         0x2000'0000  0x26c  Data  Lc  interrupt.o [3]
g_ppui32GPIOIntMapBlizzard
                              0x4dc   0xc0  Data  Lc  gpio.o [3]
g_ppui32GPIOIntMapSnowflake
                              0x59c   0xd8  Data  Lc  gpio.o [3]
g_pui32EnRegs                 0x7c0   0x14  Data  Lc  interrupt.o [3]
g_pui32Regs                   0x724   0x9c  Data  Lc  interrupt.o [3]
initButtons                   0xa8d   0x68  Code  Gb  Buttons.o [1]
initCarLight                  0xc41   0x68  Code  Gb  CarTraffic.o [1]
initCarTimer                  0x7d5   0x3e  Code  Gb  Timers.o [1]
initPedLights                 0xd31   0x20  Code  Gb  PedTraffic.o [1]
initPedTimer                  0x813   0x3e  Code  Gb  Timers.o [1]
main                          0xd09   0x26  Code  Gb  main.o [1]
pui32Stack              0x2000'0270  0x200  Data  Lc  startup_ewarm.o [1]


[1] = E:\Embedded - 211\Project\Embd-project\Debug\Obj
[2] = dl7M_tln.a
[3] = driverlib.a
[4] = m7M_tls.a
[5] = rt7M_tl.a
[6] = shb_l.a

  2'954 bytes of readonly  code memory
    706 bytes of readonly  data memory
  1'134 bytes of readwrite data memory

Errors: none
Warnings: 1
